// Jest Snapshot v1, https://goo.gl/fbAQLP

exports[`kuba-table-options renders 1`] = `
<kuba-table-options>
  <mock:shadow-root>
    <table>
      <thead>
        <tr>
          <th>
            id
          </th>
          <th>
            name
          </th>
          <th>
            vorname
          </th>
        </tr>
      </thead>
      <tbody>
        <tr>
          <td>
            1
          </td>
          <td>
            Max
          </td>
          <td>
            <stencil-route-link url="/contact/Muster">
              editieren
            </stencil-route-link>
            <button>
              löschen
            </button>
          </td>
        </tr>
        <tr>
          <td>
            2
          </td>
          <td>
            Maxine
          </td>
          <td>
            <stencil-route-link url="/contact/Muster">
              editieren
            </stencil-route-link>
            <button>
              löschen
            </button>
          </td>
        </tr>
        <tr>
          <td>
            3
          </td>
          <td>
            Max
          </td>
          <td>
            <stencil-route-link url="/contact/Muster">
              editieren
            </stencil-route-link>
            <button>
              löschen
            </button>
          </td>
        </tr>
      </tbody>
    </table>
  </mock:shadow-root>
  <kuba-table-options-head>
    <option value="id"></option>
    <option value="name"></option>
    <option value="vorname"></option>
  </kuba-table-options-head>
  <kuba-table-options-body>
    <option value="1"></option>
    <option value="Max"></option>
    <option value="Muster"></option>
    <option value="2"></option>
    <option value="Maxine"></option>
    <option value="Muster"></option>
    <option value="3"></option>
    <option value="Max"></option>
    <option value="Muster"></option>
  </kuba-table-options-body>
</kuba-table-options>
`;
